running egg_info
creating ../../build/practice_bot_py/practice_bot_py.egg-info
writing ../../build/practice_bot_py/practice_bot_py.egg-info/PKG-INFO
writing dependency_links to ../../build/practice_bot_py/practice_bot_py.egg-info/dependency_links.txt
writing requirements to ../../build/practice_bot_py/practice_bot_py.egg-info/requires.txt
writing top-level names to ../../build/practice_bot_py/practice_bot_py.egg-info/top_level.txt
writing manifest file '../../build/practice_bot_py/practice_bot_py.egg-info/SOURCES.txt'
reading manifest file '../../build/practice_bot_py/practice_bot_py.egg-info/SOURCES.txt'
adding license file 'LICENSE'
writing manifest file '../../build/practice_bot_py/practice_bot_py.egg-info/SOURCES.txt'
running build
running build_py
creating /home/jedidiah-sanusi/practice_bot/build/practice_bot_py/build
creating /home/jedidiah-sanusi/practice_bot/build/practice_bot_py/build/lib
creating /home/jedidiah-sanusi/practice_bot/build/practice_bot_py/build/lib/practice_bot_py
copying practice_bot_py/__init__.py -> /home/jedidiah-sanusi/practice_bot/build/practice_bot_py/build/lib/practice_bot_py
running install
running install_lib
creating /home/jedidiah-sanusi/practice_bot/install/practice_bot_py/lib/python3.12/site-packages/practice_bot_py
copying /home/jedidiah-sanusi/practice_bot/build/practice_bot_py/build/lib/practice_bot_py/__init__.py -> /home/jedidiah-sanusi/practice_bot/install/practice_bot_py/lib/python3.12/site-packages/practice_bot_py
byte-compiling /home/jedidiah-sanusi/practice_bot/install/practice_bot_py/lib/python3.12/site-packages/practice_bot_py/__init__.py to __init__.cpython-312.pyc
running install_data
creating /home/jedidiah-sanusi/practice_bot/install/practice_bot_py/share/ament_index
creating /home/jedidiah-sanusi/practice_bot/install/practice_bot_py/share/ament_index/resource_index
creating /home/jedidiah-sanusi/practice_bot/install/practice_bot_py/share/ament_index/resource_index/packages
copying resource/practice_bot_py -> /home/jedidiah-sanusi/practice_bot/install/practice_bot_py/share/ament_index/resource_index/packages
copying package.xml -> /home/jedidiah-sanusi/practice_bot/install/practice_bot_py/share/practice_bot_py
running install_egg_info
Copying ../../build/practice_bot_py/practice_bot_py.egg-info to /home/jedidiah-sanusi/practice_bot/install/practice_bot_py/lib/python3.12/site-packages/practice_bot_py-0.0.0-py3.12.egg-info
running install_scripts
writing list of installed files to '/home/jedidiah-sanusi/practice_bot/build/practice_bot_py/install.log'
